Archive member included to satisfy reference by file (symbol)

c:/users/admin/documents/hk241/vxl/stm32cubeide_1.7.0/stm32cubeide/plugins/com.st.stm32cube.ide.mcu.externaltools.gnu-tools-for-stm32.9-2020-q2-update.win32_2.0.0.202105311346/tools/bin/../lib/gcc/arm-none-eabi/9.3.1/../../../../arm-none-eabi/lib/thumb/v7-m/nofp\libc_nano.a(lib_a-errno.o)
                              ./Core/Src/syscalls.o (__errno)
c:/users/admin/documents/hk241/vxl/stm32cubeide_1.7.0/stm32cubeide/plugins/com.st.stm32cube.ide.mcu.externaltools.gnu-tools-for-stm32.9-2020-q2-update.win32_2.0.0.202105311346/tools/bin/../lib/gcc/arm-none-eabi/9.3.1/../../../../arm-none-eabi/lib/thumb/v7-m/nofp\libc_nano.a(lib_a-exit.o)
                              c:/users/admin/documents/hk241/vxl/stm32cubeide_1.7.0/stm32cubeide/plugins/com.st.stm32cube.ide.mcu.externaltools.gnu-tools-for-stm32.9-2020-q2-update.win32_2.0.0.202105311346/tools/bin/../lib/gcc/arm-none-eabi/9.3.1/../../../../arm-none-eabi/lib/thumb/v7-m/nofp/crt0.o (exit)
c:/users/admin/documents/hk241/vxl/stm32cubeide_1.7.0/stm32cubeide/plugins/com.st.stm32cube.ide.mcu.externaltools.gnu-tools-for-stm32.9-2020-q2-update.win32_2.0.0.202105311346/tools/bin/../lib/gcc/arm-none-eabi/9.3.1/../../../../arm-none-eabi/lib/thumb/v7-m/nofp\libc_nano.a(lib_a-impure.o)
                              c:/users/admin/documents/hk241/vxl/stm32cubeide_1.7.0/stm32cubeide/plugins/com.st.stm32cube.ide.mcu.externaltools.gnu-tools-for-stm32.9-2020-q2-update.win32_2.0.0.202105311346/tools/bin/../lib/gcc/arm-none-eabi/9.3.1/../../../../arm-none-eabi/lib/thumb/v7-m/nofp\libc_nano.a(lib_a-exit.o) (_global_impure_ptr)
c:/users/admin/documents/hk241/vxl/stm32cubeide_1.7.0/stm32cubeide/plugins/com.st.stm32cube.ide.mcu.externaltools.gnu-tools-for-stm32.9-2020-q2-update.win32_2.0.0.202105311346/tools/bin/../lib/gcc/arm-none-eabi/9.3.1/../../../../arm-none-eabi/lib/thumb/v7-m/nofp\libc_nano.a(lib_a-init.o)
                              c:/users/admin/documents/hk241/vxl/stm32cubeide_1.7.0/stm32cubeide/plugins/com.st.stm32cube.ide.mcu.externaltools.gnu-tools-for-stm32.9-2020-q2-update.win32_2.0.0.202105311346/tools/bin/../lib/gcc/arm-none-eabi/9.3.1/../../../../arm-none-eabi/lib/thumb/v7-m/nofp/crt0.o (__libc_init_array)
c:/users/admin/documents/hk241/vxl/stm32cubeide_1.7.0/stm32cubeide/plugins/com.st.stm32cube.ide.mcu.externaltools.gnu-tools-for-stm32.9-2020-q2-update.win32_2.0.0.202105311346/tools/bin/../lib/gcc/arm-none-eabi/9.3.1/../../../../arm-none-eabi/lib/thumb/v7-m/nofp\libc_nano.a(lib_a-memset.o)
                              c:/users/admin/documents/hk241/vxl/stm32cubeide_1.7.0/stm32cubeide/plugins/com.st.stm32cube.ide.mcu.externaltools.gnu-tools-for-stm32.9-2020-q2-update.win32_2.0.0.202105311346/tools/bin/../lib/gcc/arm-none-eabi/9.3.1/../../../../arm-none-eabi/lib/thumb/v7-m/nofp/crt0.o (memset)

Allocating common symbols
Common symbol       size              file

uwTick              0x4               ./Drivers/STM32F1xx_HAL_Driver/Src/stm32f1xx_hal.o
pFlash              0x20              ./Drivers/STM32F1xx_HAL_Driver/Src/stm32f1xx_hal_flash.o
htim2               0x48              ./Core/Src/main.o

Discarded input sections

 .text          0x0000000000000000        0x0 c:/users/admin/documents/hk241/vxl/stm32cubeide_1.7.0/stm32cubeide/plugins/com.st.stm32cube.ide.mcu.externaltools.gnu-tools-for-stm32.9-2020-q2-update.win32_2.0.0.202105311346/tools/bin/../lib/gcc/arm-none-eabi/9.3.1/thumb/v7-m/nofp/crti.o
 .data          0x0000000000000000        0x0 c:/users/admin/documents/hk241/vxl/stm32cubeide_1.7.0/stm32cubeide/plugins/com.st.stm32cube.ide.mcu.externaltools.gnu-tools-for-stm32.9-2020-q2-update.win32_2.0.0.202105311346/tools/bin/../lib/gcc/arm-none-eabi/9.3.1/thumb/v7-m/nofp/crti.o
 .bss           0x0000000000000000        0x0 c:/users/admin/documents/hk241/vxl/stm32cubeide_1.7.0/stm32cubeide/plugins/com.st.stm32cube.ide.mcu.externaltools.gnu-tools-for-stm32.9-2020-q2-update.win32_2.0.0.202105311346/tools/bin/../lib/gcc/arm-none-eabi/9.3.1/thumb/v7-m/nofp/crti.o
 .data          0x0000000000000000        0x4 c:/users/admin/documents/hk241/vxl/stm32cubeide_1.7.0/stm32cubeide/plugins/com.st.stm32cube.ide.mcu.externaltools.gnu-tools-for-stm32.9-2020-q2-update.win32_2.0.0.202105311346/tools/bin/../lib/gcc/arm-none-eabi/9.3.1/thumb/v7-m/nofp/crtbegin.o
 .text          0x0000000000000000       0x7c c:/users/admin/documents/hk241/vxl/stm32cubeide_1.7.0/stm32cubeide/plugins/com.st.stm32cube.ide.mcu.externaltools.gnu-tools-for-stm32.9-2020-q2-update.win32_2.0.0.202105311346/tools/bin/../lib/gcc/arm-none-eabi/9.3.1/../../../../arm-none-eabi/lib/thumb/v7-m/nofp/crt0.o
 .data          0x0000000000000000        0x0 c:/users/admin/documents/hk241/vxl/stm32cubeide_1.7.0/stm32cubeide/plugins/com.st.stm32cube.ide.mcu.externaltools.gnu-tools-for-stm32.9-2020-q2-update.win32_2.0.0.202105311346/tools/bin/../lib/gcc/arm-none-eabi/9.3.1/../../../../arm-none-eabi/lib/thumb/v7-m/nofp/crt0.o
[...]
Memory Configuration

Name             Origin             Length             Attributes
RAM              0x0000000020000000 0x0000000000002800 xrw
FLASH            0x0000000008000000 0x0000000000008000 xr
*default*        0x0000000000000000 0xffffffffffffffff

Linker script and memory map

LOAD c:/users/admin/documents/hk241/vxl/stm32cubeide_1.7.0/stm32cubeide/plugins/com.st.stm32cube.ide.mcu.externaltools.gnu-tools-for-stm32.9-2020-q2-update.win32_2.0.0.202105311346/tools/bin/../lib/gcc/arm-none-eabi/9.3.1/thumb/v7-m/nofp/crti.o
LOAD c:/users/admin/documents/hk241/vxl/stm32cubeide_1.7.0/stm32cubeide/plugins/com.st.stm32cube.ide.mcu.externaltools.gnu-tools-for-stm32.9-2020-q2-update.win32_2.0.0.202105311346/tools/bin/../lib/gcc/arm-none-eabi/9.3.1/thumb/v7-m/nofp/crtbegin.o
LOAD c:/users/admin/documents/hk241/vxl/stm32cubeide_1.7.0/stm32cubeide/plugins/com.st.stm32cube.ide.mcu.externaltools.gnu-tools-for-stm32.9-2020-q2-update.win32_2.0.0.202105311346/tools/bin/../lib/gcc/arm-none-eabi/9.3.1/../../../../arm-none-eabi/lib/thumb/v7-m/nofp/crt0.o
LOAD ./Core/Src/button.o
LOAD ./Core/Src/display.o
LOAD ./Core/Src/fsm_automatic.o
LOAD ./Core/Src/fsm_manual.o
LOAD ./Core/Src/global.o
LOAD ./Core/Src/main.o
LOAD ./Core/Src/software_timer.o
LOAD ./Core/Src/stm32f1xx_hal_msp.o
LOAD ./Core/Src/stm32f1xx_it.o
LOAD ./Core/Src/syscalls.o
LOAD ./Core/Src/sysmem.o
LOAD ./Core/Src/system_stm32f1xx.o
LOAD ./Core/Src/traffic_light.o
LOAD ./Core/Startup/startup_stm32f103c6ux.o
LOAD ./Drivers/STM32F1xx_HAL_Driver/Src/stm32f1xx_hal.o
LOAD ./Drivers/STM32F1xx_HAL_Driver/Src/stm32f1xx_hal_cortex.o
LOAD ./Drivers/STM32F1xx_HAL_Driver/Src/stm32f1xx_hal_dma.o
LOAD ./Drivers/STM32F1xx_HAL_Driver/Src/stm32f1xx_hal_exti.o
LOAD ./Drivers/STM32F1xx_HAL_Driver/Src/stm32f1xx_hal_flash.o
LOAD ./Drivers/STM32F1xx_HAL_Driver/Src/stm32f1xx_hal_flash_ex.o
LOAD ./Drivers/STM32F1xx_HAL_Driver/Src/stm32f1xx_hal_gpio.o
LOAD ./Drivers/STM32F1xx_HAL_Driver/Src/stm32f1xx_hal_gpio_ex.o
LOAD ./Drivers/STM32F1xx_HAL_Driver/Src/stm32f1xx_hal_pwr.o
LOAD ./Drivers/STM32F1xx_HAL_Driver/Src/stm32f1xx_hal_rcc.o
LOAD ./Drivers/STM32F1xx_HAL_Driver/Src/stm32f1xx_hal_rcc_ex.o
LOAD ./Drivers/STM32F1xx_HAL_Driver/Src/stm32f1xx_hal_tim.o
LOAD ./Drivers/STM32F1xx_HAL_Driver/Src/stm32f1xx_hal_tim_ex.o
START GROUP
LOAD c:/users/admin/documents/hk241/vxl/stm32cubeide_1.7.0/stm32cubeide/plugins/com.st.stm32cube.ide.mcu.externaltools.gnu-tools-for-stm32.9-2020-q2-update.win32_2.0.0.202105311346/tools/bin/../lib/gcc/arm-none-eabi/9.3.1/../../../../arm-none-eabi/lib/thumb/v7-m/nofp\libc_nano.a
LOAD c:/users/admin/documents/hk241/vxl/stm32cubeide_1.7.0/stm32cubeide/plugins/com.st.stm32cube.ide.mcu.externaltools.gnu-tools-for-stm32.9-2020-q2-update.win32_2.0.0.202105311346/tools/bin/../lib/gcc/arm-none-eabi/9.3.1/../../../../arm-none-eabi/lib/thumb/v7-m/nofp\libm.a
END GROUP
START GROUP
LOAD c:/users/admin/documents/hk241/vxl/stm32cubeide_1.7.0/stm32cubeide/plugins/com.st.stm32cube.ide.mcu.externaltools.gnu-tools-for-stm32.9-2020-q2-update.win32_2.0.0.202105311346/tools/bin/../lib/gcc/arm-none-eabi/9.3.1/thumb/v7-m/nofp\libgcc.a
LOAD c:/users/admin/documents/hk241/vxl/stm32cubeide_1.7.0/stm32cubeide/plugins/com.st.stm32cube.ide.mcu.externaltools.gnu-tools-for-stm32.9-2020-q2-update.win32_2.0.0.202105311346/tools/bin/../lib/gcc/arm-none-eabi/9.3.1/../../../../arm-none-eabi/lib/thumb/v7-m/nofp\libc_nano.a
END GROUP
START GROUP
LOAD c:/users/admin/documents/hk241/vxl/stm32cubeide_1.7.0/stm32cubeide/plugins/com.st.stm32cube.ide.mcu.externaltools.gnu-tools-for-stm32.9-2020-q2-update.win32_2.0.0.202105311346/tools/bin/../lib/gcc/arm-none-eabi/9.3.1/thumb/v7-m/nofp\libgcc.a
LOAD c:/users/admin/documents/hk241/vxl/stm32cubeide_1.7.0/stm32cubeide/plugins/com.st.stm32cube.ide.mcu.externaltools.gnu-tools-for-stm32.9-2020-q2-update.win32_2.0.0.202105311346/tools/bin/../lib/gcc/arm-none-eabi/9.3.1/../../../../arm-none-eabi/lib/thumb/v7-m/nofp\libc_nano.a
LOAD c:/users/admin/documents/hk241/vxl/stm32cubeide_1.7.0/stm32cubeide/plugins/com.st.stm32cube.ide.mcu.externaltools.gnu-tools-for-stm32.9-2020-q2-update.win32_2.0.0.202105311346/tools/bin/../lib/gcc/arm-none-eabi/9.3.1/../../../../arm-none-eabi/lib/thumb/v7-m/nofp\libnosys.a
END GROUP
START GROUP
LOAD c:/users/admin/documents/hk241/vxl/stm32cubeide_1.7.0/stm32cubeide/plugins/com.st.stm32cube.ide.mcu.externaltools.gnu-tools-for-stm32.9-2020-q2-update.win32_2.0.0.202105311346/tools/bin/../lib/gcc/arm-none-eabi/9.3.1/thumb/v7-m/nofp\libgcc.a
LOAD c:/users/admin/documents/hk241/vxl/stm32cubeide_1.7.0/stm32cubeide/plugins/com.st.stm32cube.ide.mcu.externaltools.gnu-tools-for-stm32.9-2020-q2-update.win32_2.0.0.202105311346/tools/bin/../lib/gcc/arm-none-eabi/9.3.1/../../../../arm-none-eabi/lib/thumb/v7-m/nofp\libc_nano.a
LOAD c:/users/admin/documents/hk241/vxl/stm32cubeide_1.7.0/stm32cubeide/plugins/com.st.stm32cube.ide.mcu.externaltools.gnu-tools-for-stm32.9-2020-q2-update.win32_2.0.0.202105311346/tools/bin/../lib/gcc/arm-none-eabi/9.3.1/../../../../arm-none-eabi/lib/thumb/v7-m/nofp\libnosys.a
END GROUP
LOAD c:/users/admin/documents/hk241/vxl/stm32cubeide_1.7.0/stm32cubeide/plugins/com.st.stm32cube.ide.mcu.externaltools.gnu-tools-for-stm32.9-2020-q2-update.win32_2.0.0.202105311346/tools/bin/../lib/gcc/arm-none-eabi/9.3.1/thumb/v7-m/nofp/crtend.o
LOAD c:/users/admin/documents/hk241/vxl/stm32cubeide_1.7.0/stm32cubeide/plugins/com.st.stm32cube.ide.mcu.externaltools.gnu-tools-for-stm32.9-2020-q2-update.win32_2.0.0.202105311346/tools/bin/../lib/gcc/arm-none-eabi/9.3.1/thumb/v7-m/nofp/crtn.o
                0x0000000020002800                _estack = (ORIGIN (RAM) + LENGTH (RAM))
                0x0000000000000200                _Min_Heap_Size = 0x200
                0x0000000000000400                _Min_Stack_Size = 0x400

.isr_vector     0x0000000008000000      0x10c
                0x0000000008000000                . = ALIGN (0x4)
 *(.isr_vector)
 .isr_vector    0x0000000008000000      0x10c ./Core/Startup/startup_stm32f103c6ux.o
                0x0000000008000000                g_pfnVectors
                0x000000000800010c                . = ALIGN (0x4)

.text           0x000000000800010c     0x2bc8
                0x000000000800010c                . = ALIGN (0x4)
 *(.text)
 .text          0x000000000800010c       0x40 c:/users/admin/documents/hk241/vxl/stm32cubeide_1.7.0/stm32cubeide/plugins/com.st.stm32cube.ide.mcu.externaltools.gnu-tools-for-stm32.9-2020-q2-update.win32_2.0.0.202105311346/tools/bin/../lib/gcc/arm-none-eabi/9.3.1/thumb/v7-m/nofp/crtbegin.o
 *(.text*)
 .text.isButton1Pressed
                0x000000000800014c       0x24 ./Core/Src/button.o
                0x000000000800014c                isButton1Pressed
 .text.isButton2Pressed
                0x0000000008000170       0x24 ./Core/Src/button.o
                0x0000000008000170                isButton2Pressed
 .text.isButton3Pressed
                0x0000000008000194       0x24 ./Core/Src/button.o
                0x0000000008000194                isButton3Pressed
 .text.subKeyProcess
                0x00000000080001b8       0x48 ./Core/Src/button.o
                0x00000000080001b8                subKeyProcess
 .text.getKeyInput
                0x0000000008000200      0x140 ./Core/Src/button.o
                0x0000000008000200                getKeyInput
 .text.display7SEG1
                0x0000000008000340      0x31c ./Core/Src/display.o
                0x0000000008000340                display7SEG1
 .text.display7SEG2
                0x000000000800065c      0x394 ./Core/Src/display.o
                0x000000000800065c                display7SEG2
 .text.display_7SEG_automatic
                0x00000000080009f0       0xd8 ./Core/Src/display.o
                0x00000000080009f0                display_7SEG_automatic
 .text.display_manual
                0x0000000008000ac8       0xfc ./Core/Src/display.o
                0x0000000008000ac8                display_manual
 .text.fsm_automatic_run
                0x0000000008000bc4      0x18c ./Core/Src/fsm_automatic.o
                0x0000000008000bc4                fsm_automatic_run
 .text.fsm_manual_run
                0x0000000008000d50      0x20c ./Core/Src/fsm_manual.o
                0x0000000008000d50                fsm_manual_run
 .text.main     0x0000000008000f5c       0x44 ./Core/Src/main.o
                0x0000000008000f5c                main
 .text.SystemClock_Config
                0x0000000008000fa0       0x76 ./Core/Src/main.o
                0x0000000008000fa0                SystemClock_Config
 *fill*         0x0000000008001016        0x2 
 .text.MX_TIM2_Init
                0x0000000008001018       0x98 ./Core/Src/main.o
 .text.MX_GPIO_Init
                0x00000000080010b0       0xc8 ./Core/Src/main.o
 .text.HAL_TIM_PeriodElapsedCallback
                0x0000000008001178       0x18 ./Core/Src/main.o
                0x0000000008001178                HAL_TIM_PeriodElapsedCallback
 .text.Error_Handler
                0x0000000008001190        0xa ./Core/Src/main.o
                0x0000000008001190                Error_Handler
 *fill*         0x000000000800119a        0x2 
 .text.setTimer1
                0x000000000800119c       0x40 ./Core/Src/software_timer.o
                0x000000000800119c                setTimer1
 .text.setTimer2
                0x00000000080011dc       0x40 ./Core/Src/software_timer.o
                0x00000000080011dc                setTimer2
 .text.setTimer3
                0x000000000800121c       0x28 ./Core/Src/software_timer.o
                0x000000000800121c                setTimer3
 .text.delayManual
                0x0000000008001244       0x28 ./Core/Src/software_timer.o
                0x0000000008001244                delayManual
 .text.timer_run
                0x000000000800126c      0x12c ./Core/Src/software_timer.o
                0x000000000800126c                timer_run
 .text.HAL_MspInit
                0x0000000008001398       0x64 ./Core/Src/stm32f1xx_hal_msp.o
                0x0000000008001398                HAL_MspInit
 .text.HAL_TIM_Base_MspInit
                0x00000000080013fc       0x48 ./Core/Src/stm32f1xx_hal_msp.o
                0x00000000080013fc                HAL_TIM_Base_MspInit
 .text.NMI_Handler
                0x0000000008001444        0x6 ./Core/Src/stm32f1xx_it.o
                0x0000000008001444                NMI_Handler
 .text.HardFault_Handler
                0x000000000800144a        0x6 ./Core/Src/stm32f1xx_it.o
                0x000000000800144a                HardFault_Handler
 .text.MemManage_Handler
                0x0000000008001450        0x6 ./Core/Src/stm32f1xx_it.o
                0x0000000008001450                MemManage_Handler
 .text.BusFault_Handler
                0x0000000008001456        0x6 ./Core/Src/stm32f1xx_it.o
                0x0000000008001456                BusFault_Handler
 .text.UsageFault_Handler
                0x000000000800145c        0x6 ./Core/Src/stm32f1xx_it.o
                0x000000000800145c                UsageFault_Handler
 .text.SVC_Handler
                0x0000000008001462        0xc ./Core/Src/stm32f1xx_it.o
                0x0000000008001462                SVC_Handler
 .text.DebugMon_Handler
                0x000000000800146e        0xc ./Core/Src/stm32f1xx_it.o
                0x000000000800146e                DebugMon_Handler
 .text.PendSV_Handler
                0x000000000800147a        0xc ./Core/Src/stm32f1xx_it.o
                0x000000000800147a                PendSV_Handler
 .text.SysTick_Handler
                0x0000000008001486        0xc ./Core/Src/stm32f1xx_it.o
                0x0000000008001486                SysTick_Handler
 *fill*         0x0000000008001492        0x2 
 .text.TIM2_IRQHandler
                0x0000000008001494       0x14 ./Core/Src/stm32f1xx_it.o
                0x0000000008001494                TIM2_IRQHandler
 .text.SystemInit
                0x00000000080014a8        0xc ./Core/Src/system_stm32f1xx.o
                0x00000000080014a8                SystemInit
 .text.setOfLight
                0x00000000080014b4       0x64 ./Core/Src/traffic_light.o
                0x00000000080014b4                setOfLight
 .text.setLightRed
                0x0000000008001518       0x64 ./Core/Src/traffic_light.o
                0x0000000008001518                setLightRed
 .text.setLightGreen
                0x000000000800157c       0x64 ./Core/Src/traffic_light.o
                0x000000000800157c                setLightGreen
 .text.setLightYellow
                0x00000000080015e0       0x64 ./Core/Src/traffic_light.o
                0x00000000080015e0                setLightYellow
 .text.Reset_Handler
                0x0000000008001644       0x48 ./Core/Startup/startup_stm32f103c6ux.o
                0x0000000008001644                Reset_Handler
 .text.Default_Handler
                0x000000000800168c        0x2 ./Core/Startup/startup_stm32f103c6ux.o
                0x000000000800168c                RTC_Alarm_IRQHandler
                0x000000000800168c                EXTI2_IRQHandler
                0x000000000800168c                TIM1_CC_IRQHandler
                0x000000000800168c                PVD_IRQHandler
                0x000000000800168c                EXTI3_IRQHandler
                0x000000000800168c                EXTI0_IRQHandler
                0x000000000800168c                ADC1_2_IRQHandler
                0x000000000800168c                SPI1_IRQHandler
                0x000000000800168c                TAMPER_IRQHandler
                0x000000000800168c                DMA1_Channel4_IRQHandler
                0x000000000800168c                RTC_IRQHandler
                0x000000000800168c                DMA1_Channel7_IRQHandler
                0x000000000800168c                CAN1_RX1_IRQHandler
                0x000000000800168c                I2C1_EV_IRQHandler
                0x000000000800168c                DMA1_Channel6_IRQHandler
                0x000000000800168c                TIM3_IRQHandler
                0x000000000800168c                RCC_IRQHandler
                0x000000000800168c                TIM1_TRG_COM_IRQHandler
                0x000000000800168c                DMA1_Channel1_IRQHandler
                0x000000000800168c                Default_Handler
                0x000000000800168c                EXTI15_10_IRQHandler
                0x000000000800168c                EXTI9_5_IRQHandler
                0x000000000800168c                DMA1_Channel5_IRQHandler
                0x000000000800168c                EXTI4_IRQHandler
                0x000000000800168c                USB_LP_CAN1_RX0_IRQHandler
                0x000000000800168c                USB_HP_CAN1_TX_IRQHandler
                0x000000000800168c                DMA1_Channel3_IRQHandler
                0x000000000800168c                TIM1_UP_IRQHandler
                0x000000000800168c                WWDG_IRQHandler
                0x000000000800168c                TIM1_BRK_IRQHandler
                0x000000000800168c                EXTI1_IRQHandler
                0x000000000800168c                USART2_IRQHandler
                0x000000000800168c                DMA1_Channel2_IRQHandler
                0x000000000800168c                CAN1_SCE_IRQHandler
                0x000000000800168c                FLASH_IRQHandler
                0x000000000800168c                USART1_IRQHandler
                0x000000000800168c                I2C1_ER_IRQHandler
                0x000000000800168c                USBWakeUp_IRQHandler
 *fill*         0x000000000800168e        0x2 
 .text.HAL_Init
                0x0000000008001690       0x2c ./Drivers/STM32F1xx_HAL_Driver/Src/stm32f1xx_hal.o
                0x0000000008001690                HAL_Init
 .text.HAL_InitTick
                0x00000000080016bc       0x60 ./Drivers/STM32F1xx_HAL_Driver/Src/stm32f1xx_hal.o
                0x00000000080016bc                HAL_InitTick
 .text.HAL_IncTick
                0x000000000800171c       0x24 ./Drivers/STM32F1xx_HAL_Driver/Src/stm32f1xx_hal.o
                0x000000000800171c                HAL_IncTick
 .text.HAL_GetTick
                0x0000000008001740       0x14 ./Drivers/STM32F1xx_HAL_Driver/Src/stm32f1xx_hal.o
                0x0000000008001740                HAL_GetTick
 .text.__NVIC_SetPriorityGrouping
                0x0000000008001754       0x48 ./Drivers/STM32F1xx_HAL_Driver/Src/stm32f1xx_hal_cortex.o
 .text.__NVIC_GetPriorityGrouping
                0x000000000800179c       0x1c ./Drivers/STM32F1xx_HAL_Driver/Src/stm32f1xx_hal_cortex.o
 .text.__NVIC_EnableIRQ
                0x00000000080017b8       0x38 ./Drivers/STM32F1xx_HAL_Driver/Src/stm32f1xx_hal_cortex.o
 .text.__NVIC_SetPriority
                0x00000000080017f0       0x54 ./Drivers/STM32F1xx_HAL_Driver/Src/stm32f1xx_hal_cortex.o
 .text.NVIC_EncodePriority
                0x0000000008001844       0x64 ./Drivers/STM32F1xx_HAL_Driver/Src/stm32f1xx_hal_cortex.o
 .text.SysTick_Config
                0x00000000080018a8       0x44 ./Drivers/STM32F1xx_HAL_Driver/Src/stm32f1xx_hal_cortex.o
 .text.HAL_NVIC_SetPriorityGrouping
                0x00000000080018ec       0x16 ./Drivers/STM32F1xx_HAL_Driver/Src/stm32f1xx_hal_cortex.o
                0x00000000080018ec                HAL_NVIC_SetPriorityGrouping
 .text.HAL_NVIC_SetPriority
                0x0000000008001902       0x38 ./Drivers/STM32F1xx_HAL_Driver/Src/stm32f1xx_hal_cortex.o
                0x0000000008001902                HAL_NVIC_SetPriority
 .text.HAL_NVIC_EnableIRQ
                0x000000000800193a       0x1c ./Drivers/STM32F1xx_HAL_Driver/Src/stm32f1xx_hal_cortex.o
                0x000000000800193a                HAL_NVIC_EnableIRQ
 .text.HAL_SYSTICK_Config
                0x0000000008001956       0x18 ./Drivers/STM32F1xx_HAL_Driver/Src/stm32f1xx_hal_cortex.o
                0x0000000008001956                HAL_SYSTICK_Config
 *fill*         0x000000000800196e        0x2 
 .text.HAL_GPIO_Init
                0x0000000008001970      0x2f4 ./Drivers/STM32F1xx_HAL_Driver/Src/stm32f1xx_hal_gpio.o
                0x0000000008001970                HAL_GPIO_Init
 .text.HAL_GPIO_ReadPin
                0x0000000008001c64       0x2e ./Drivers/STM32F1xx_HAL_Driver/Src/stm32f1xx_hal_gpio.o
                0x0000000008001c64                HAL_GPIO_ReadPin
 .text.HAL_GPIO_WritePin
                0x0000000008001c92       0x30 ./Drivers/STM32F1xx_HAL_Driver/Src/stm32f1xx_hal_gpio.o
                0x0000000008001c92                HAL_GPIO_WritePin
 .text.HAL_GPIO_TogglePin
                0x0000000008001cc2       0x32 ./Drivers/STM32F1xx_HAL_Driver/Src/stm32f1xx_hal_gpio.o
                0x0000000008001cc2                HAL_GPIO_TogglePin
 .text.HAL_RCC_OscConfig
                0x0000000008001cf4      0x500 ./Drivers/STM32F1xx_HAL_Driver/Src/stm32f1xx_hal_rcc.o
                0x0000000008001cf4                HAL_RCC_OscConfig
 .text.HAL_RCC_ClockConfig
                0x00000000080021f4      0x1d4 ./Drivers/STM32F1xx_HAL_Driver/Src/stm32f1xx_hal_rcc.o
                0x00000000080021f4                HAL_RCC_ClockConfig
 .text.HAL_RCC_GetSysClockFreq
                0x00000000080023c8       0xa8 ./Drivers/STM32F1xx_HAL_Driver/Src/stm32f1xx_hal_rcc.o
                0x00000000080023c8                HAL_RCC_GetSysClockFreq
 .text.RCC_Delay
                0x0000000008002470       0x3c ./Drivers/STM32F1xx_HAL_Driver/Src/stm32f1xx_hal_rcc.o
 .text.HAL_TIM_Base_Init
                0x00000000080024ac       0x9e ./Drivers/STM32F1xx_HAL_Driver/Src/stm32f1xx_hal_tim.o
                0x00000000080024ac                HAL_TIM_Base_Init
 *fill*         0x000000000800254a        0x2 
 .text.HAL_TIM_Base_Start_IT
                0x000000000800254c       0x98 ./Drivers/STM32F1xx_HAL_Driver/Src/stm32f1xx_hal_tim.o
                0x000000000800254c                HAL_TIM_Base_Start_IT
 .text.HAL_TIM_IRQHandler
                0x00000000080025e4      0x1e0 ./Drivers/STM32F1xx_HAL_Driver/Src/stm32f1xx_hal_tim.o
                0x00000000080025e4                HAL_TIM_IRQHandler
 .text.HAL_TIM_ConfigClockSource
                0x00000000080027c4      0x18e ./Drivers/STM32F1xx_HAL_Driver/Src/stm32f1xx_hal_tim.o
                0x00000000080027c4                HAL_TIM_ConfigClockSource
 .text.HAL_TIM_OC_DelayElapsedCallback
                0x0000000008002952       0x12 ./Drivers/STM32F1xx_HAL_Driver/Src/stm32f1xx_hal_tim.o
                0x0000000008002952                HAL_TIM_OC_DelayElapsedCallback
 .text.HAL_TIM_IC_CaptureCallback
                0x0000000008002964       0x12 ./Drivers/STM32F1xx_HAL_Driver/Src/stm32f1xx_hal_tim.o
                0x0000000008002964                HAL_TIM_IC_CaptureCallback
 .text.HAL_TIM_PWM_PulseFinishedCallback
                0x0000000008002976       0x12 ./Drivers/STM32F1xx_HAL_Driver/Src/stm32f1xx_hal_tim.o
                0x0000000008002976                HAL_TIM_PWM_PulseFinishedCallback
 .text.HAL_TIM_TriggerCallback
                0x0000000008002988       0x12 ./Drivers/STM32F1xx_HAL_Driver/Src/stm32f1xx_hal_tim.o
                0x0000000008002988                HAL_TIM_TriggerCallback
 *fill*         0x000000000800299a        0x2 
 .text.TIM_Base_SetConfig
                0x000000000800299c       0xc8 ./Drivers/STM32F1xx_HAL_Driver/Src/stm32f1xx_hal_tim.o
                0x000000000800299c                TIM_Base_SetConfig
 .text.TIM_TI1_ConfigInputStage
                0x0000000008002a64       0x5c ./Drivers/STM32F1xx_HAL_Driver/Src/stm32f1xx_hal_tim.o
 .text.TIM_TI2_ConfigInputStage
                0x0000000008002ac0       0x5e ./Drivers/STM32F1xx_HAL_Driver/Src/stm32f1xx_hal_tim.o
 .text.TIM_ITRx_SetConfig
                0x0000000008002b1e       0x34 ./Drivers/STM32F1xx_HAL_Driver/Src/stm32f1xx_hal_tim.o
 .text.TIM_ETR_SetConfig
                0x0000000008002b52       0x3e ./Drivers/STM32F1xx_HAL_Driver/Src/stm32f1xx_hal_tim.o
                0x0000000008002b52                TIM_ETR_SetConfig
 .text.HAL_TIMEx_MasterConfigSynchronization
                0x0000000008002b90       0xb0 ./Drivers/STM32F1xx_HAL_Driver/Src/stm32f1xx_hal_tim_ex.o
                0x0000000008002b90                HAL_TIMEx_MasterConfigSynchronization
 .text.HAL_TIMEx_CommutCallback
                0x0000000008002c40       0x12 ./Drivers/STM32F1xx_HAL_Driver/Src/stm32f1xx_hal_tim_ex.o
                0x0000000008002c40                HAL_TIMEx_CommutCallback
 .text.HAL_TIMEx_BreakCallback
                0x0000000008002c52       0x12 ./Drivers/STM32F1xx_HAL_Driver/Src/stm32f1xx_hal_tim_ex.o
                0x0000000008002c52                HAL_TIMEx_BreakCallback
 .text.__libc_init_array
                0x0000000008002c64       0x48 c:/users/admin/documents/hk241/vxl/stm32cubeide_1.7.0/stm32cubeide/plugins/com.st.stm32cube.ide.mcu.externaltools.gnu-tools-for-stm32.9-2020-q2-update.win32_2.0.0.202105311346/tools/bin/../lib/gcc/arm-none-eabi/9.3.1/../../../../arm-none-eabi/lib/thumb/v7-m/nofp\libc_nano.a(lib_a-init.o)
                0x0000000008002c64                __libc_init_array
 .text.memset   0x0000000008002cac       0x10 c:/users/admin/documents/hk241/vxl/stm32cubeide_1.7.0/stm32cubeide/plugins/com.st.stm32cube.ide.mcu.externaltools.gnu-tools-for-stm32.9-2020-q2-update.win32_2.0.0.202105311346/tools/bin/../lib/gcc/arm-none-eabi/9.3.1/../../../../arm-none-eabi/lib/thumb/v7-m/nofp\libc_nano.a(lib_a-memset.o)
                0x0000000008002cac                memset
 *(.glue_7)
 .glue_7        0x0000000008002cbc        0x0 linker stubs
 *(.glue_7t)
 .glue_7t       0x0000000008002cbc        0x0 linker stubs
 *(.eh_frame)
 .eh_frame      0x0000000008002cbc        0x0 c:/users/admin/documents/hk241/vxl/stm32cubeide_1.7.0/stm32cubeide/plugins/com.st.stm32cube.ide.mcu.externaltools.gnu-tools-for-stm32.9-2020-q2-update.win32_2.0.0.202105311346/tools/bin/../lib/gcc/arm-none-eabi/9.3.1/thumb/v7-m/nofp/crtbegin.o
 *(.init)
 .init          0x0000000008002cbc        0x4 c:/users/admin/documents/hk241/vxl/stm32cubeide_1.7.0/stm32cubeide/plugins/com.st.stm32cube.ide.mcu.externaltools.gnu-tools-for-stm32.9-2020-q2-update.win32_2.0.0.202105311346/tools/bin/../lib/gcc/arm-none-eabi/9.3.1/thumb/v7-m/nofp/crti.o
                0x0000000008002cbc                _init
 .init          0x0000000008002cc0        0x8 c:/users/admin/documents/hk241/vxl/stm32cubeide_1.7.0/stm32cubeide/plugins/com.st.stm32cube.ide.mcu.externaltools.gnu-tools-for-stm32.9-2020-q2-update.win32_2.0.0.202105311346/tools/bin/../lib/gcc/arm-none-eabi/9.3.1/thumb/v7-m/nofp/crtn.o
 *(.fini)
 .fini          0x0000000008002cc8        0x4 c:/users/admin/documents/hk241/vxl/stm32cubeide_1.7.0/stm32cubeide/plugins/com.st.stm32cube.ide.mcu.externaltools.gnu-tools-for-stm32.9-2020-q2-update.win32_2.0.0.202105311346/tools/bin/../lib/gcc/arm-none-eabi/9.3.1/thumb/v7-m/nofp/crti.o
                0x0000000008002cc8                _fini
 .fini          0x0000000008002ccc        0x8 c:/users/admin/documents/hk241/vxl/stm32cubeide_1.7.0/stm32cubeide/plugins/com.st.stm32cube.ide.mcu.externaltools.gnu-tools-for-stm32.9-2020-q2-update.win32_2.0.0.202105311346/tools/bin/../lib/gcc/arm-none-eabi/9.3.1/thumb/v7-m/nofp/crtn.o
                0x0000000008002cd4                . = ALIGN (0x4)
                0x0000000008002cd4                _etext = .

.vfp11_veneer   0x0000000008002cd4        0x0
 .vfp11_veneer  0x0000000008002cd4        0x0 linker stubs

.v4_bx          0x0000000008002cd4        0x0
 .v4_bx         0x0000000008002cd4        0x0 linker stubs

.iplt           0x0000000008002cd4        0x0
 .iplt          0x0000000008002cd4        0x0 c:/users/admin/documents/hk241/vxl/stm32cubeide_1.7.0/stm32cubeide/plugins/com.st.stm32cube.ide.mcu.externaltools.gnu-tools-for-stm32.9-2020-q2-update.win32_2.0.0.202105311346/tools/bin/../lib/gcc/arm-none-eabi/9.3.1/thumb/v7-m/nofp/crtbegin.o

.rodata         0x0000000008002cd4       0x24
                0x0000000008002cd4                . = ALIGN (0x4)
 *(.rodata)
 *(.rodata*)
 .rodata.AHBPrescTable
                0x0000000008002cd4       0x10 ./Core/Src/system_stm32f1xx.o
                0x0000000008002cd4                AHBPrescTable
 .rodata.aPLLMULFactorTable.6032
                0x0000000008002ce4       0x10 ./Drivers/STM32F1xx_HAL_Driver/Src/stm32f1xx_hal_rcc.o
 .rodata.aPredivFactorTable.6033
                0x0000000008002cf4        0x2 ./Drivers/STM32F1xx_HAL_Driver/Src/stm32f1xx_hal_rcc.o
                0x0000000008002cf8                . = ALIGN (0x4)
 *fill*         0x0000000008002cf6        0x2 

.rel.dyn        0x0000000008002cf8        0x0
 .rel.iplt      0x0000000008002cf8        0x0 c:/users/admin/documents/hk241/vxl/stm32cubeide_1.7.0/stm32cubeide/plugins/com.st.stm32cube.ide.mcu.externaltools.gnu-tools-for-stm32.9-2020-q2-update.win32_2.0.0.202105311346/tools/bin/../lib/gcc/arm-none-eabi/9.3.1/thumb/v7-m/nofp/crtbegin.o

.ARM.extab      0x0000000008002cf8        0x0
                0x0000000008002cf8                . = ALIGN (0x4)
 *(.ARM.extab* .gnu.linkonce.armextab.*)
                0x0000000008002cf8                . = ALIGN (0x4)

.ARM            0x0000000008002cf8        0x0
                0x0000000008002cf8                . = ALIGN (0x4)
                0x0000000008002cf8                __exidx_start = .
 *(.ARM.exidx*)
                0x0000000008002cf8                __exidx_end = .
                0x0000000008002cf8                . = ALIGN (0x4)

.preinit_array  0x0000000008002cf8        0x0
                0x0000000008002cf8                . = ALIGN (0x4)
                0x0000000008002cf8                PROVIDE (__preinit_array_start = .)
 *(.preinit_array*)
                0x0000000008002cf8                PROVIDE (__preinit_array_end = .)
                0x0000000008002cf8                . = ALIGN (0x4)

.init_array     0x0000000008002cf8        0x4
                0x0000000008002cf8                . = ALIGN (0x4)
                0x0000000008002cf8                PROVIDE (__init_array_start = .)
 *(SORT_BY_NAME(.init_array.*))
 *(.init_array*)
 .init_array    0x0000000008002cf8        0x4 c:/users/admin/documents/hk241/vxl/stm32cubeide_1.7.0/stm32cubeide/plugins/com.st.stm32cube.ide.mcu.externaltools.gnu-tools-for-stm32.9-2020-q2-update.win32_2.0.0.202105311346/tools/bin/../lib/gcc/arm-none-eabi/9.3.1/thumb/v7-m/nofp/crtbegin.o
                0x0000000008002cfc                PROVIDE (__init_array_end = .)
                0x0000000008002cfc                . = ALIGN (0x4)

.fini_array     0x0000000008002cfc        0x4
                0x0000000008002cfc                . = ALIGN (0x4)
                [!provide]                        PROVIDE (__fini_array_start = .)
 *(SORT_BY_NAME(.fini_array.*))
 *(.fini_array*)
 .fini_array    0x0000000008002cfc        0x4 c:/users/admin/documents/hk241/vxl/stm32cubeide_1.7.0/stm32cubeide/plugins/com.st.stm32cube.ide.mcu.externaltools.gnu-tools-for-stm32.9-2020-q2-update.win32_2.0.0.202105311346/tools/bin/../lib/gcc/arm-none-eabi/9.3.1/thumb/v7-m/nofp/crtbegin.o
                [!provide]                        PROVIDE (__fini_array_end = .)
                0x0000000008002d00                . = ALIGN (0x4)
                0x0000000008002d00                _sidata = LOADADDR (.data)

.data           0x0000000020000000       0x5c load address 0x0000000008002d00
                0x0000000020000000                . = ALIGN (0x4)
                0x0000000020000000                _sdata = .
 *(.data)
 *(.data*)
 .data.KeyReg0  0x0000000020000000        0xc ./Core/Src/button.o
                0x0000000020000000                KeyReg0
 .data.KeyReg1  0x000000002000000c        0xc ./Core/Src/button.o
                0x000000002000000c                KeyReg1
 .data.KeyReg2  0x0000000020000018        0xc ./Core/Src/button.o
                0x0000000020000018                KeyReg2
 .data.KeyReg3  0x0000000020000024        0xc ./Core/Src/button.o
                0x0000000020000024                KeyReg3
 .data.TimeOutForKeyPress
                0x0000000020000030        0x4 ./Core/Src/button.o
                0x0000000020000030                TimeOutForKeyPress
 .data.MODE     0x0000000020000034        0x4 ./Core/Src/fsm_manual.o
                0x0000000020000034                MODE
 .data.status1  0x0000000020000038        0x4 ./Core/Src/global.o
                0x0000000020000038                status1
 .data.status2  0x000000002000003c        0x4 ./Core/Src/global.o
                0x000000002000003c                status2
 .data.red      0x0000000020000040        0x4 ./Core/Src/global.o
                0x0000000020000040                red
 .data.green    0x0000000020000044        0x4 ./Core/Src/global.o
                0x0000000020000044                green
 .data.yellow   0x0000000020000048        0x4 ./Core/Src/global.o
                0x0000000020000048                yellow
 .data.timer3_flag
                0x000000002000004c        0x4 ./Core/Src/software_timer.o
                0x000000002000004c                timer3_flag
 .data.SystemCoreClock
                0x0000000020000050        0x4 ./Core/Src/system_stm32f1xx.o
                0x0000000020000050                SystemCoreClock
 .data.uwTickPrio
                0x0000000020000054        0x4 ./Drivers/STM32F1xx_HAL_Driver/Src/stm32f1xx_hal.o
                0x0000000020000054                uwTickPrio
 .data.uwTickFreq
                0x0000000020000058        0x1 ./Drivers/STM32F1xx_HAL_Driver/Src/stm32f1xx_hal.o
                0x0000000020000058                uwTickFreq
 *(.RamFunc)
 *(.RamFunc*)
                0x000000002000005c                . = ALIGN (0x4)
 *fill*         0x0000000020000059        0x3 
                0x000000002000005c                _edata = .

.igot.plt       0x000000002000005c        0x0 load address 0x0000000008002d5c
 .igot.plt      0x000000002000005c        0x0 c:/users/admin/documents/hk241/vxl/stm32cubeide_1.7.0/stm32cubeide/plugins/com.st.stm32cube.ide.mcu.externaltools.gnu-tools-for-stm32.9-2020-q2-update.win32_2.0.0.202105311346/tools/bin/../lib/gcc/arm-none-eabi/9.3.1/thumb/v7-m/nofp/crtbegin.o
                0x000000002000005c                . = ALIGN (0x4)

.bss            0x000000002000005c       0xb0 load address 0x0000000008002d5c
                0x000000002000005c                _sbss = .
                0x000000002000005c                __bss_start__ = _sbss
 *(.bss)
 .bss           0x000000002000005c       0x1c c:/users/admin/documents/hk241/vxl/stm32cubeide_1.7.0/stm32cubeide/plugins/com.st.stm32cube.ide.mcu.externaltools.gnu-tools-for-stm32.9-2020-q2-update.win32_2.0.0.202105311346/tools/bin/../lib/gcc/arm-none-eabi/9.3.1/thumb/v7-m/nofp/crtbegin.o
 *(.bss*)
 .bss.button1_flag
                0x0000000020000078        0x4 ./Core/Src/button.o
                0x0000000020000078                button1_flag
 .bss.button2_flag
                0x000000002000007c        0x4 ./Core/Src/button.o
                0x000000002000007c                button2_flag
 .bss.button3_flag
                0x0000000020000080        0x4 ./Core/Src/button.o
                0x0000000020000080                button3_flag
 .bss.automatic_7SEG
                0x0000000020000084        0x4 ./Core/Src/display.o
                0x0000000020000084                automatic_7SEG
 .bss.tempred   0x0000000020000088        0x4 ./Core/Src/fsm_manual.o
                0x0000000020000088                tempred
 .bss.tempgreen
                0x000000002000008c        0x4 ./Core/Src/fsm_manual.o
                0x000000002000008c                tempgreen
 .bss.tempyellow
                0x0000000020000090        0x4 ./Core/Src/fsm_manual.o
                0x0000000020000090                tempyellow
 .bss.timer1_counter
                0x0000000020000094        0x4 ./Core/Src/software_timer.o
                0x0000000020000094                timer1_counter
 .bss.timer2_counter
                0x0000000020000098        0x4 ./Core/Src/software_timer.o
                0x0000000020000098                timer2_counter
 .bss.timer3_counter
                0x000000002000009c        0x4 ./Core/Src/software_timer.o
                0x000000002000009c                timer3_counter
 .bss.timer4_counter
                0x00000000200000a0        0x4 ./Core/Src/software_timer.o
                0x00000000200000a0                timer4_counter
 .bss.timer5_counter
                0x00000000200000a4        0x4 ./Core/Src/software_timer.o
                0x00000000200000a4                timer5_counter
 .bss.timer1_flag
                0x00000000200000a8        0x4 ./Core/Src/software_timer.o
                0x00000000200000a8                timer1_flag
 .bss.timer2_flag
                0x00000000200000ac        0x4 ./Core/Src/software_timer.o
                0x00000000200000ac                timer2_flag
 .bss.timer4_flag
                0x00000000200000b0        0x4 ./Core/Src/software_timer.o
                0x00000000200000b0                timer4_flag
 .bss.timer5_flag
                0x00000000200000b4        0x4 ./Core/Src/software_timer.o
                0x00000000200000b4                timer5_flag
 .bss.countdown1
                0x00000000200000b8        0x4 ./Core/Src/software_timer.o
                0x00000000200000b8                countdown1
 .bss.countdown2
                0x00000000200000bc        0x4 ./Core/Src/software_timer.o
                0x00000000200000bc                countdown2
 *(COMMON)
 COMMON         0x00000000200000c0       0x48 ./Core/Src/main.o
                0x00000000200000c0                htim2
 COMMON         0x0000000020000108        0x4 ./Drivers/STM32F1xx_HAL_Driver/Src/stm32f1xx_hal.o
                0x0000000020000108                uwTick
                0x000000002000010c                . = ALIGN (0x4)
                0x000000002000010c                _ebss = .
                0x000000002000010c                __bss_end__ = _ebss

._user_heap_stack
                0x000000002000010c      0x604 load address 0x0000000008002d5c
                0x0000000020000110                . = ALIGN (0x8)
 *fill*         0x000000002000010c        0x4 
                [!provide]                        PROVIDE (end = .)
                0x0000000020000110                PROVIDE (_end = .)
                0x0000000020000310                . = (. + _Min_Heap_Size)
 *fill*         0x0000000020000110      0x200 
                0x0000000020000710                . = (. + _Min_Stack_Size)
 *fill*         0x0000000020000310      0x400 
                0x0000000020000710                . = ALIGN (0x8)

/DISCARD/
 libc.a(*)
 libm.a(*)
 libgcc.a(*)

.ARM.attributes
                0x0000000000000000       0x29
 *(.ARM.attributes)
 .ARM.attributes
                0x0000000000000000       0x1d c:/users/admin/documents/hk241/vxl/stm32cubeide_1.7.0/stm32cubeide/plugins/com.st.stm32cube.ide.mcu.externaltools.gnu-tools-for-stm32.9-2020-q2-update.win32_2.0.0.202105311346/tools/bin/../lib/gcc/arm-none-eabi/9.3.1/thumb/v7-m/nofp/crti.o
 .ARM.attributes
                0x000000000000001d       0x2d c:/users/admin/documents/hk241/vxl/stm32cubeide_1.7.0/stm32cubeide/plugins/com.st.stm32cube.ide.mcu.externaltools.gnu-tools-for-stm32.9-2020-q2-update.win32_2.0.0.202105311346/tools/bin/../lib/gcc/arm-none-eabi/9.3.1/thumb/v7-m/nofp/crtbegin.o
 .ARM.attributes
                0x000000000000004a       0x2d ./Core/Src/button.o
 .ARM.attributes
                0x0000000000000077       0x2d ./Core/Src/display.o
 .ARM.attributes
                0x00000000000000a4       0x2d ./Core/Src/fsm_automatic.o
 .ARM.attributes
                0x00000000000000d1       0x2d ./Core/Src/fsm_manual.o
 .ARM.attributes
                0x00000000000000fe       0x33 ./Core/Src/global.o
 .ARM.attributes
                0x0000000000000131       0x2d ./Core/Src/main.o
 .ARM.attributes
                0x000000000000015e       0x2d ./Core/Src/software_timer.o
 .ARM.attributes
                0x000000000000018b       0x2d ./Core/Src/stm32f1xx_hal_msp.o
 .ARM.attributes
                0x00000000000001b8       0x2d ./Core/Src/stm32f1xx_it.o
 .ARM.attributes
                0x00000000000001e5       0x2d ./Core/Src/system_stm32f1xx.o
 .ARM.attributes
                0x0000000000000212       0x2d ./Core/Src/traffic_light.o
 .ARM.attributes
                0x000000000000023f       0x21 ./Core/Startup/startup_stm32f103c6ux.o
 .ARM.attributes
                0x0000000000000260       0x2d ./Drivers/STM32F1xx_HAL_Driver/Src/stm32f1xx_hal.o
 .ARM.attributes
                0x000000000000028d       0x2d ./Drivers/STM32F1xx_HAL_Driver/Src/stm32f1xx_hal_cortex.o
 .ARM.attributes
                0x00000000000002ba       0x2d ./Drivers/STM32F1xx_HAL_Driver/Src/stm32f1xx_hal_gpio.o
 .ARM.attributes
                0x00000000000002e7       0x2d ./Drivers/STM32F1xx_HAL_Driver/Src/stm32f1xx_hal_rcc.o
 .ARM.attributes
                0x0000000000000314       0x2d ./Drivers/STM32F1xx_HAL_Driver/Src/stm32f1xx_hal_tim.o
 .ARM.attributes
                0x0000000000000341       0x2d ./Drivers/STM32F1xx_HAL_Driver/Src/stm32f1xx_hal_tim_ex.o
 .ARM.attributes
                0x000000000000036e       0x2d c:/users/admin/documents/hk241/vxl/stm32cubeide_1.7.0/stm32cubeide/plugins/com.st.stm32cube.ide.mcu.externaltools.gnu-tools-for-stm32.9-2020-q2-update.win32_2.0.0.202105311346/tools/bin/../lib/gcc/arm-none-eabi/9.3.1/../../../../arm-none-eabi/lib/thumb/v7-m/nofp\libc_nano.a(lib_a-init.o)
 .ARM.attributes
                0x000000000000039b       0x2d c:/users/admin/documents/hk241/vxl/stm32cubeide_1.7.0/stm32cubeide/plugins/com.st.stm32cube.ide.mcu.externaltools.gnu-tools-for-stm32.9-2020-q2-update.win32_2.0.0.202105311346/tools/bin/../lib/gcc/arm-none-eabi/9.3.1/../../../../arm-none-eabi/lib/thumb/v7-m/nofp\libc_nano.a(lib_a-memset.o)
 .ARM.attributes
                0x00000000000003c8       0x1d c:/users/admin/documents/hk241/vxl/stm32cubeide_1.7.0/stm32cubeide/plugins/com.st.stm32cube.ide.mcu.externaltools.gnu-tools-for-stm32.9-2020-q2-update.win32_2.0.0.202105311346/tools/bin/../lib/gcc/arm-none-eabi/9.3.1/thumb/v7-m/nofp/crtn.o
OUTPUT(Lab3.elf elf32-littlearm)
LOAD linker stubs
LOAD c:/users/admin/documents/hk241/vxl/stm32cubeide_1.7.0/stm32cubeide/plugins/com.st.stm32cube.ide.mcu.externaltools.gnu-tools-for-stm32.9-2020-q2-update.win32_2.0.0.202105311346/tools/bin/../lib/gcc/arm-none-eabi/9.3.1/../../../../arm-none-eabi/lib/thumb/v7-m/nofp\libc.a
LOAD c:/users/admin/documents/hk241/vxl/stm32cubeide_1.7.0/stm32cubeide/plugins/com.st.stm32cube.ide.mcu.externaltools.gnu-tools-for-stm32.9-2020-q2-update.win32_2.0.0.202105311346/tools/bin/../lib/gcc/arm-none-eabi/9.3.1/../../../../arm-none-eabi/lib/thumb/v7-m/nofp\libm.a
LOAD c:/users/admin/documents/hk241/vxl/stm32cubeide_1.7.0/stm32cubeide/plugins/com.st.stm32cube.ide.mcu.externaltools.gnu-tools-for-stm32.9-2020-q2-update.win32_2.0.0.202105311346/tools/bin/../lib/gcc/arm-none-eabi/9.3.1/thumb/v7-m/nofp\libgcc.a

.debug_info     0x0000000000000000     0x9b00
 .debug_info    0x0000000000000000      0x379 ./Core/Src/button.o
 .debug_info    0x0000000000000379      0x382 ./Core/Src/display.o
 .debug_info    0x00000000000006fb      0x246 ./Core/Src/fsm_automatic.o
 .debug_info    0x0000000000000941      0x320 ./Core/Src/fsm_manual.o
 .debug_info    0x0000000000000c61      0x272 ./Core/Src/global.o
 .debug_info    0x0000000000000ed3      0xc9b ./Core/Src/main.o
 .debug_info    0x0000000000001b6e      0x3ce ./Core/Src/software_timer.o
 .debug_info    0x0000000000001f3c      0xa09 ./Core/Src/stm32f1xx_hal_msp.o
 .debug_info    0x0000000000002945      0x7b9 ./Core/Src/stm32f1xx_it.o
 .debug_info    0x00000000000030fe      0x2be ./Core/Src/system_stm32f1xx.o
 .debug_info    0x00000000000033bc      0x2d3 ./Core/Src/traffic_light.o
 .debug_info    0x000000000000368f       0x22 ./Core/Startup/startup_stm32f103c6ux.o
 .debug_info    0x00000000000036b1      0x74c ./Drivers/STM32F1xx_HAL_Driver/Src/stm32f1xx_hal.o
 .debug_info    0x0000000000003dfd      0xbbe ./Drivers/STM32F1xx_HAL_Driver/Src/stm32f1xx_hal_cortex.o
 .debug_info    0x00000000000049bb      0x701 ./Drivers/STM32F1xx_HAL_Driver/Src/stm32f1xx_hal_gpio.o
 .debug_info    0x00000000000050bc      0x893 ./Drivers/STM32F1xx_HAL_Driver/Src/stm32f1xx_hal_rcc.o
 .debug_info    0x000000000000594f     0x2c32 ./Drivers/STM32F1xx_HAL_Driver/Src/stm32f1xx_hal_tim.o
 .debug_info    0x0000000000008581     0x157f ./Drivers/STM32F1xx_HAL_Driver/Src/stm32f1xx_hal_tim_ex.o

.debug_abbrev   0x0000000000000000     0x1d1f
 .debug_abbrev  0x0000000000000000      0x17b ./Core/Src/button.o
 .debug_abbrev  0x000000000000017b      0x163 ./Core/Src/display.o
 .debug_abbrev  0x00000000000002de       0xc9 ./Core/Src/fsm_automatic.o
 .debug_abbrev  0x00000000000003a7      0x11c ./Core/Src/fsm_manual.o
 .debug_abbrev  0x00000000000004c3       0xbc ./Core/Src/global.o
 .debug_abbrev  0x000000000000057f      0x27c ./Core/Src/main.o
 .debug_abbrev  0x00000000000007fb      0x132 ./Core/Src/software_timer.o
 .debug_abbrev  0x000000000000092d      0x1b7 ./Core/Src/stm32f1xx_hal_msp.o
 .debug_abbrev  0x0000000000000ae4      0x176 ./Core/Src/stm32f1xx_it.o
 .debug_abbrev  0x0000000000000c5a      0x14e ./Core/Src/system_stm32f1xx.o
 .debug_abbrev  0x0000000000000da8      0x146 ./Core/Src/traffic_light.o
 .debug_abbrev  0x0000000000000eee       0x12 ./Core/Startup/startup_stm32f103c6ux.o
 .debug_abbrev  0x0000000000000f00      0x1ed ./Drivers/STM32F1xx_HAL_Driver/Src/stm32f1xx_hal.o
 .debug_abbrev  0x00000000000010ed      0x313 ./Drivers/STM32F1xx_HAL_Driver/Src/stm32f1xx_hal_cortex.o
 .debug_abbrev  0x0000000000001400      0x1e8 ./Drivers/STM32F1xx_HAL_Driver/Src/stm32f1xx_hal_gpio.o
 .debug_abbrev  0x00000000000015e8      0x273 ./Drivers/STM32F1xx_HAL_Driver/Src/stm32f1xx_hal_rcc.o
 .debug_abbrev  0x000000000000185b      0x25e ./Drivers/STM32F1xx_HAL_Driver/Src/stm32f1xx_hal_tim.o
 .debug_abbrev  0x0000000000001ab9      0x266 ./Drivers/STM32F1xx_HAL_Driver/Src/stm32f1xx_hal_tim_ex.o

.debug_aranges  0x0000000000000000      0xaa0
 .debug_aranges
                0x0000000000000000       0x40 ./Core/Src/button.o
 .debug_aranges
                0x0000000000000040       0x38 ./Core/Src/display.o
 .debug_aranges
                0x0000000000000078       0x20 ./Core/Src/fsm_automatic.o
 .debug_aranges
                0x0000000000000098       0x20 ./Core/Src/fsm_manual.o
 .debug_aranges
                0x00000000000000b8       0x18 ./Core/Src/global.o
 .debug_aranges
                0x00000000000000d0       0x60 ./Core/Src/main.o
 .debug_aranges
                0x0000000000000130       0x48 ./Core/Src/software_timer.o
 .debug_aranges
                0x0000000000000178       0x30 ./Core/Src/stm32f1xx_hal_msp.o
 .debug_aranges
                0x00000000000001a8       0x68 ./Core/Src/stm32f1xx_it.o
 .debug_aranges
                0x0000000000000210       0x28 ./Core/Src/system_stm32f1xx.o
 .debug_aranges
                0x0000000000000238       0x40 ./Core/Src/traffic_light.o
 .debug_aranges
                0x0000000000000278       0x28 ./Core/Startup/startup_stm32f103c6ux.o
 .debug_aranges
                0x00000000000002a0       0xe0 ./Drivers/STM32F1xx_HAL_Driver/Src/stm32f1xx_hal.o
 .debug_aranges
                0x0000000000000380      0x100 ./Drivers/STM32F1xx_HAL_Driver/Src/stm32f1xx_hal_cortex.o
 .debug_aranges
                0x0000000000000480       0x58 ./Drivers/STM32F1xx_HAL_Driver/Src/stm32f1xx_hal_gpio.o
 .debug_aranges
                0x00000000000004d8       0x90 ./Drivers/STM32F1xx_HAL_Driver/Src/stm32f1xx_hal_rcc.o
 .debug_aranges
                0x0000000000000568      0x3d0 ./Drivers/STM32F1xx_HAL_Driver/Src/stm32f1xx_hal_tim.o
 .debug_aranges
                0x0000000000000938      0x168 ./Drivers/STM32F1xx_HAL_Driver/Src/stm32f1xx_hal_tim_ex.o

.debug_ranges   0x0000000000000000      0x980
 .debug_ranges  0x0000000000000000       0x30 ./Core/Src/button.o
 .debug_ranges  0x0000000000000030       0x28 ./Core/Src/display.o
 .debug_ranges  0x0000000000000058       0x10 ./Core/Src/fsm_automatic.o
 .debug_ranges  0x0000000000000068       0x10 ./Core/Src/fsm_manual.o
 .debug_ranges  0x0000000000000078       0x50 ./Core/Src/main.o
 .debug_ranges  0x00000000000000c8       0x38 ./Core/Src/software_timer.o
 .debug_ranges  0x0000000000000100       0x20 ./Core/Src/stm32f1xx_hal_msp.o
 .debug_ranges  0x0000000000000120       0x58 ./Core/Src/stm32f1xx_it.o
 .debug_ranges  0x0000000000000178       0x18 ./Core/Src/system_stm32f1xx.o
 .debug_ranges  0x0000000000000190       0x30 ./Core/Src/traffic_light.o
 .debug_ranges  0x00000000000001c0       0x20 ./Core/Startup/startup_stm32f103c6ux.o
 .debug_ranges  0x00000000000001e0       0xd0 ./Drivers/STM32F1xx_HAL_Driver/Src/stm32f1xx_hal.o
 .debug_ranges  0x00000000000002b0       0xf0 ./Drivers/STM32F1xx_HAL_Driver/Src/stm32f1xx_hal_cortex.o
 .debug_ranges  0x00000000000003a0       0x48 ./Drivers/STM32F1xx_HAL_Driver/Src/stm32f1xx_hal_gpio.o
 .debug_ranges  0x00000000000003e8       0x80 ./Drivers/STM32F1xx_HAL_Driver/Src/stm32f1xx_hal_rcc.o
 .debug_ranges  0x0000000000000468      0x3c0 ./Drivers/STM32F1xx_HAL_Driver/Src/stm32f1xx_hal_tim.o
 .debug_ranges  0x0000000000000828      0x158 ./Drivers/STM32F1xx_HAL_Driver/Src/stm32f1xx_hal_tim_ex.o

.debug_macro    0x0000000000000000    0x17143
 .debug_macro   0x0000000000000000      0x1af ./Core/Src/button.o
 .debug_macro   0x00000000000001af      0xa9c ./Core/Src/button.o
 .debug_macro   0x0000000000000c4b       0x16 ./Core/Src/button.o
 .debug_macro   0x0000000000000c61      0x215 ./Core/Src/button.o
 .debug_macro   0x0000000000000e76       0x2e ./Core/Src/button.o
 .debug_macro   0x0000000000000ea4       0x22 ./Core/Src/button.o
 .debug_macro   0x0000000000000ec6       0x22 ./Core/Src/button.o
 .debug_macro   0x0000000000000ee8       0x8e ./Core/Src/button.o
 .debug_macro   0x0000000000000f76       0x51 ./Core/Src/button.o
 .debug_macro   0x0000000000000fc7      0x103 ./Core/Src/button.o
 .debug_macro   0x00000000000010ca       0x6a ./Core/Src/button.o
 .debug_macro   0x0000000000001134      0x1df ./Core/Src/button.o
 .debug_macro   0x0000000000001313       0x1c ./Core/Src/button.o
 .debug_macro   0x000000000000132f       0x22 ./Core/Src/button.o
 .debug_macro   0x0000000000001351       0xc3 ./Core/Src/button.o
 .debug_macro   0x0000000000001414      0xd23 ./Core/Src/button.o
 .debug_macro   0x0000000000002137     0xde75 ./Core/Src/button.o
 .debug_macro   0x000000000000ffac       0x6d ./Core/Src/button.o
 .debug_macro   0x0000000000010019     0x34a2 ./Core/Src/button.o
 .debug_macro   0x00000000000134bb      0x174 ./Core/Src/button.o
 .debug_macro   0x000000000001362f       0x5c ./Core/Src/button.o
 .debug_macro   0x000000000001368b      0x5bc ./Core/Src/button.o
 .debug_macro   0x0000000000013c47      0x1b7 ./Core/Src/button.o
 .debug_macro   0x0000000000013dfe      0x1cb ./Core/Src/button.o
 .debug_macro   0x0000000000013fc9      0x114 ./Core/Src/button.o
 .debug_macro   0x00000000000140dd      0x1b2 ./Core/Src/button.o
 .debug_macro   0x000000000001428f       0x27 ./Core/Src/button.o
 .debug_macro   0x00000000000142b6      0x12f ./Core/Src/button.o
 .debug_macro   0x00000000000143e5      0x1bc ./Core/Src/button.o
 .debug_macro   0x00000000000145a1       0x34 ./Core/Src/button.o
 .debug_macro   0x00000000000145d5       0x3c ./Core/Src/button.o
 .debug_macro   0x0000000000014611       0x57 ./Core/Src/button.o
 .debug_macro   0x0000000000014668       0x87 ./Core/Src/button.o
 .debug_macro   0x00000000000146ef      0x183 ./Core/Src/button.o
 .debug_macro   0x0000000000014872      0x140 ./Core/Src/button.o
 .debug_macro   0x00000000000149b2      0x8ed ./Core/Src/button.o
 .debug_macro   0x000000000001529f       0x69 ./Core/Src/button.o
 .debug_macro   0x0000000000015308      0x148 ./Core/Src/button.o
 .debug_macro   0x0000000000015450      0x1fd ./Core/Src/display.o
 .debug_macro   0x000000000001564d       0x34 ./Core/Src/display.o
 .debug_macro   0x0000000000015681       0x10 ./Core/Src/display.o
 .debug_macro   0x0000000000015691      0x1f7 ./Core/Src/fsm_automatic.o
 .debug_macro   0x0000000000015888       0x16 ./Core/Src/fsm_automatic.o
 .debug_macro   0x000000000001589e      0x1f7 ./Core/Src/fsm_manual.o
 .debug_macro   0x0000000000015a95      0x1f3 ./Core/Src/global.o
 .debug_macro   0x0000000000015c88      0x1ff ./Core/Src/main.o
 .debug_macro   0x0000000000015e87      0x1f3 ./Core/Src/software_timer.o
 .debug_macro   0x000000000001607a      0x1a6 ./Core/Src/stm32f1xx_hal_msp.o
 .debug_macro   0x0000000000016220      0x1b0 ./Core/Src/stm32f1xx_it.o
 .debug_macro   0x00000000000163d0      0x197 ./Core/Src/system_stm32f1xx.o
 .debug_macro   0x0000000000016567      0x1b0 ./Core/Src/traffic_light.o
 .debug_macro   0x0000000000016717      0x1bb ./Drivers/STM32F1xx_HAL_Driver/Src/stm32f1xx_hal.o
 .debug_macro   0x00000000000168d2      0x197 ./Drivers/STM32F1xx_HAL_Driver/Src/stm32f1xx_hal_cortex.o
 .debug_macro   0x0000000000016a69      0x202 ./Drivers/STM32F1xx_HAL_Driver/Src/stm32f1xx_hal_gpio.o
 .debug_macro   0x0000000000016c6b      0x1a9 ./Drivers/STM32F1xx_HAL_Driver/Src/stm32f1xx_hal_rcc.o
 .debug_macro   0x0000000000016e14      0x198 ./Drivers/STM32F1xx_HAL_Driver/Src/stm32f1xx_hal_tim.o
 .debug_macro   0x0000000000016fac      0x197 ./Drivers/STM32F1xx_HAL_Driver/Src/stm32f1xx_hal_tim_ex.o

.debug_line     0x0000000000000000     0xe663
 .debug_line    0x0000000000000000      0x949 ./Core/Src/button.o
 .debug_line    0x0000000000000949      0x9e9 ./Core/Src/display.o
 .debug_line    0x0000000000001332      0x912 ./Core/Src/fsm_automatic.o
 .debug_line    0x0000000000001c44      0x975 ./Core/Src/fsm_manual.o
 .debug_line    0x00000000000025b9      0x87d ./Core/Src/global.o
 .debug_line    0x0000000000002e36      0xa04 ./Core/Src/main.o
 .debug_line    0x000000000000383a      0x993 ./Core/Src/software_timer.o
 .debug_line    0x00000000000041cd      0x86e ./Core/Src/stm32f1xx_hal_msp.o
 .debug_line    0x0000000000004a3b      0x90c ./Core/Src/stm32f1xx_it.o
 .debug_line    0x0000000000005347      0x8b0 ./Core/Src/system_stm32f1xx.o
 .debug_line    0x0000000000005bf7      0x8da ./Core/Src/traffic_light.o
 .debug_line    0x00000000000064d1       0x86 ./Core/Startup/startup_stm32f103c6ux.o
 .debug_line    0x0000000000006557      0xadd ./Drivers/STM32F1xx_HAL_Driver/Src/stm32f1xx_hal.o
 .debug_line    0x0000000000007034      0xcc5 ./Drivers/STM32F1xx_HAL_Driver/Src/stm32f1xx_hal_cortex.o
 .debug_line    0x0000000000007cf9      0xb60 ./Drivers/STM32F1xx_HAL_Driver/Src/stm32f1xx_hal_gpio.o
 .debug_line    0x0000000000008859      0xee9 ./Drivers/STM32F1xx_HAL_Driver/Src/stm32f1xx_hal_rcc.o
 .debug_line    0x0000000000009742     0x352e ./Drivers/STM32F1xx_HAL_Driver/Src/stm32f1xx_hal_tim.o
 .debug_line    0x000000000000cc70     0x19f3 ./Drivers/STM32F1xx_HAL_Driver/Src/stm32f1xx_hal_tim_ex.o

.debug_str      0x0000000000000000    0x8258f
 .debug_str     0x0000000000000000    0x7f901 ./Core/Src/button.o
                                      0x7fc54 (size before relaxing)
 .debug_str     0x000000000007f901      0x1a2 ./Core/Src/display.o
                                      0x7fd7b (size before relaxing)
 .debug_str     0x000000000007faa3       0x2e ./Core/Src/fsm_automatic.o
                                      0x7fceb (size before relaxing)
 .debug_str     0x000000000007fad1       0x45 ./Core/Src/fsm_manual.o
                                      0x7fd32 (size before relaxing)
 .debug_str     0x000000000007fb16       0x15 ./Core/Src/global.o
                                      0x7fcd2 (size before relaxing)
 .debug_str     0x000000000007fb2b      0x6fd ./Core/Src/main.o
                                      0x804b7 (size before relaxing)
 .debug_str     0x0000000000080228       0xbd ./Core/Src/software_timer.o
                                      0x7fd7a (size before relaxing)
 .debug_str     0x00000000000802e5      0x2ba ./Core/Src/stm32f1xx_hal_msp.o
                                      0x80330 (size before relaxing)
 .debug_str     0x000000000008059f       0xcd ./Core/Src/stm32f1xx_it.o
                                      0x80092 (size before relaxing)
 .debug_str     0x000000000008066c       0x52 ./Core/Src/system_stm32f1xx.o
                                      0x7f783 (size before relaxing)
 .debug_str     0x00000000000806be       0x5d ./Core/Src/traffic_light.o
                                      0x7fbaf (size before relaxing)
 .debug_str     0x000000000008071b       0x36 ./Core/Startup/startup_stm32f103c6ux.o
                                         0x77 (size before relaxing)
 .debug_str     0x0000000000080751      0x304 ./Drivers/STM32F1xx_HAL_Driver/Src/stm32f1xx_hal.o
                                      0x7fdda (size before relaxing)
 .debug_str     0x0000000000080a55      0x300 ./Drivers/STM32F1xx_HAL_Driver/Src/stm32f1xx_hal_cortex.o
                                      0x7fde2 (size before relaxing)
 .debug_str     0x0000000000080d55      0x31f ./Drivers/STM32F1xx_HAL_Driver/Src/stm32f1xx_hal_gpio.o
                                      0x7fb47 (size before relaxing)
 .debug_str     0x0000000000081074      0x24f ./Drivers/STM32F1xx_HAL_Driver/Src/stm32f1xx_hal_rcc.o
                                      0x7fb80 (size before relaxing)
 .debug_str     0x00000000000812c3      0xdde ./Drivers/STM32F1xx_HAL_Driver/Src/stm32f1xx_hal_tim.o
                                      0x80b69 (size before relaxing)
 .debug_str     0x00000000000820a1      0x4ee ./Drivers/STM32F1xx_HAL_Driver/Src/stm32f1xx_hal_tim_ex.o
                                      0x8030a (size before relaxing)

.comment        0x0000000000000000       0x53
 .comment       0x0000000000000000       0x53 ./Core/Src/button.o
                                         0x54 (size before relaxing)
 .comment       0x0000000000000053       0x54 ./Core/Src/display.o
 .comment       0x0000000000000053       0x54 ./Core/Src/fsm_automatic.o
 .comment       0x0000000000000053       0x54 ./Core/Src/fsm_manual.o
 .comment       0x0000000000000053       0x54 ./Core/Src/global.o
 .comment       0x0000000000000053       0x54 ./Core/Src/main.o
 .comment       0x0000000000000053       0x54 ./Core/Src/software_timer.o
 .comment       0x0000000000000053       0x54 ./Core/Src/stm32f1xx_hal_msp.o
 .comment       0x0000000000000053       0x54 ./Core/Src/stm32f1xx_it.o
 .comment       0x0000000000000053       0x54 ./Core/Src/system_stm32f1xx.o
 .comment       0x0000000000000053       0x54 ./Core/Src/traffic_light.o
 .comment       0x0000000000000053       0x54 ./Drivers/STM32F1xx_HAL_Driver/Src/stm32f1xx_hal.o
 .comment       0x0000000000000053       0x54 ./Drivers/STM32F1xx_HAL_Driver/Src/stm32f1xx_hal_cortex.o
 .comment       0x0000000000000053       0x54 ./Drivers/STM32F1xx_HAL_Driver/Src/stm32f1xx_hal_gpio.o
 .comment       0x0000000000000053       0x54 ./Drivers/STM32F1xx_HAL_Driver/Src/stm32f1xx_hal_rcc.o
 .comment       0x0000000000000053       0x54 ./Drivers/STM32F1xx_HAL_Driver/Src/stm32f1xx_hal_tim.o
 .comment       0x0000000000000053       0x54 ./Drivers/STM32F1xx_HAL_Driver/Src/stm32f1xx_hal_tim_ex.o

.debug_frame    0x0000000000000000     0x2984
 .debug_frame   0x0000000000000000       0xbc ./Core/Src/button.o
 .debug_frame   0x00000000000000bc       0xa0 ./Core/Src/display.o
 .debug_frame   0x000000000000015c       0x2c ./Core/Src/fsm_automatic.o
 .debug_frame   0x0000000000000188       0x2c ./Core/Src/fsm_manual.o
 .debug_frame   0x00000000000001b4      0x128 ./Core/Src/main.o
 .debug_frame   0x00000000000002dc       0xf8 ./Core/Src/software_timer.o
 .debug_frame   0x00000000000003d4       0x80 ./Core/Src/stm32f1xx_hal_msp.o
 .debug_frame   0x0000000000000454      0x120 ./Core/Src/stm32f1xx_it.o
 .debug_frame   0x0000000000000574       0x58 ./Core/Src/system_stm32f1xx.o
 .debug_frame   0x00000000000005cc       0xc0 ./Core/Src/traffic_light.o
 .debug_frame   0x000000000000068c      0x334 ./Drivers/STM32F1xx_HAL_Driver/Src/stm32f1xx_hal.o
 .debug_frame   0x00000000000009c0      0x428 ./Drivers/STM32F1xx_HAL_Driver/Src/stm32f1xx_hal_cortex.o
 .debug_frame   0x0000000000000de8      0x14c ./Drivers/STM32F1xx_HAL_Driver/Src/stm32f1xx_hal_gpio.o
 .debug_frame   0x0000000000000f34      0x218 ./Drivers/STM32F1xx_HAL_Driver/Src/stm32f1xx_hal_rcc.o
 .debug_frame   0x000000000000114c     0x11b4 ./Drivers/STM32F1xx_HAL_Driver/Src/stm32f1xx_hal_tim.o
 .debug_frame   0x0000000000002300      0x638 ./Drivers/STM32F1xx_HAL_Driver/Src/stm32f1xx_hal_tim_ex.o
 .debug_frame   0x0000000000002938       0x2c c:/users/admin/documents/hk241/vxl/stm32cubeide_1.7.0/stm32cubeide/plugins/com.st.stm32cube.ide.mcu.externaltools.gnu-tools-for-stm32.9-2020-q2-update.win32_2.0.0.202105311346/tools/bin/../lib/gcc/arm-none-eabi/9.3.1/../../../../arm-none-eabi/lib/thumb/v7-m/nofp\libc_nano.a(lib_a-init.o)
 .debug_frame   0x0000000000002964       0x20 c:/users/admin/documents/hk241/vxl/stm32cubeide_1.7.0/stm32cubeide/plugins/com.st.stm32cube.ide.mcu.externaltools.gnu-tools-for-stm32.9-2020-q2-update.win32_2.0.0.202105311346/tools/bin/../lib/gcc/arm-none-eabi/9.3.1/../../../../arm-none-eabi/lib/thumb/v7-m/nofp\libc_nano.a(lib_a-memset.o)
